../Core/Src/main.c:94:5:main	8	static
../Core/Src/main.c:158:6:SystemClock_Config	96	static
../Core/Src/main.c:208:13:MX_TIM3_Init	56	static
../Core/Src/main.c:266:13:MX_USART2_UART_Init	8	static
../Core/Src/main.c:299:13:MX_DMA_Init	16	static
../Core/Src/main.c:317:13:MX_GPIO_Init	48	static
../Core/Src/main.c:375:20:oc	16	static
../Core/Src/main.c:377:6:SendStatusUART	184	static
../Core/Src/main.c:390:6:HCSR04_Trigger	16	static,ignoring_inline_asm
../Core/Src/main.c:401:6:HAL_TIM_IC_CaptureCallback	24	static
../Core/Src/main.c:429:6:UpdateReedSwitchStates	8	static
../Core/Src/main.c:444:6:Error_Handler	4	static,ignoring_inline_asm
