../Core/Src/main.c:83:5:main	8	static
../Core/Src/main.c:115:6:SystemClock_Config	96	static
../Core/Src/main.c:158:13:MX_TIM3_Init	56	static
../Core/Src/main.c:208:13:MX_USART2_UART_Init	8	static
../Core/Src/main.c:231:13:MX_GPIO_Init	48	static
../Core/Src/main.c:284:6:HCSR04_Trigger	16	static,ignoring_inline_asm
../Core/Src/main.c:295:6:HAL_TIM_IC_CaptureCallback	24	static
../Core/Src/main.c:323:6:UpdateReedSwitchStates	8	static
../Core/Src/main.c:333:6:Error_Handler	4	static,ignoring_inline_asm
